1(hits)---------"/limesurvey/scripts/jquery/jquery-ui.js"
1(hits)---------"/notesif/saisie2007/Images/consultation_a.bmp"
1(hits)---------"/temps/3IF4.ics"