3(hits)---------"/temps/4IF16.html"
2(hits)---------"/SiteWebIF/Intranet-etudiant.php"
1(hits)---------"/temps/5IF40.html"
1(hits)---------"/temps/"
1(hits)---------"/temps/3IF38.html"
1(hits)---------"/temps/3IF4.ics"
1(hits)---------"/temps/SC.ics"
1(hits)---------"/temps/3IF37.html"