Souhaitez-vous consulter le manuel d'utilisation ? (o/n)